Status	/home/surj/Workspace/single_cell_pipeline/data/aligned/cell_01_Aligned.sortedByCoord.out.bam	/home/surj/Workspace/single_cell_pipeline/data/aligned/cell_02_Aligned.sortedByCoord.out.bam	/home/surj/Workspace/single_cell_pipeline/data/aligned/cell_03_Aligned.sortedByCoord.out.bam	/home/surj/Workspace/single_cell_pipeline/data/aligned/cell_04_Aligned.sortedByCoord.out.bam	/home/surj/Workspace/single_cell_pipeline/data/aligned/cell_05_Aligned.sortedByCoord.out.bam	/home/surj/Workspace/single_cell_pipeline/data/aligned/cell_06_Aligned.sortedByCoord.out.bam	/home/surj/Workspace/single_cell_pipeline/data/aligned/cell_07_Aligned.sortedByCoord.out.bam	/home/surj/Workspace/single_cell_pipeline/data/aligned/cell_08_Aligned.sortedByCoord.out.bam
Assigned	396	386	374	381	389	380	377	388
Unassigned_Unmapped	0	0	0	0	0	0	0	0
Unassigned_Read_Type	0	0	0	0	0	0	0	0
Unassigned_Singleton	0	0	0	0	0	0	0	0
Unassigned_MappingQuality	0	0	0	0	0	0	0	0
Unassigned_Chimera	0	0	0	0	0	0	0	0
Unassigned_FragmentLength	0	0	0	0	0	0	0	0
Unassigned_Duplicate	0	0	0	0	0	0	0	0
Unassigned_MultiMapping	35	42	32	34	28	32	43	38
Unassigned_Secondary	0	0	0	0	0	0	0	0
Unassigned_NonSplit	0	0	0	0	0	0	0	0
Unassigned_NoFeatures	76	83	93	79	79	58	72	60
Unassigned_Overlapping_Length	0	0	0	0	0	0	0	0
Unassigned_Ambiguity	11	10	17	23	18	45	30	33
