                                 Started job on |	Sep 02 11:39:54
                             Started mapping on |	Sep 02 11:39:54
                                    Finished on |	Sep 02 11:39:55
       Mapping speed, Million of reads per hour |	1.80

                          Number of input reads |	500
                      Average input read length |	199
                                    UNIQUE READS:
                   Uniquely mapped reads number |	486
                        Uniquely mapped reads % |	97.20%
                          Average mapped length |	198.87
                       Number of splices: Total |	264
            Number of splices: Annotated (sjdb) |	0
                       Number of splices: GT/AG |	11
                       Number of splices: GC/AG |	20
                       Number of splices: AT/AC |	3
               Number of splices: Non-canonical |	230
                      Mismatch rate per base, % |	0.41%
                         Deletion rate per base |	0.00%
                        Deletion average length |	0.00
                        Insertion rate per base |	0.00%
                       Insertion average length |	0.00
                             MULTI-MAPPING READS:
        Number of reads mapped to multiple loci |	14
             % of reads mapped to multiple loci |	2.80%
        Number of reads mapped to too many loci |	0
             % of reads mapped to too many loci |	0.00%
                                  UNMAPPED READS:
  Number of reads unmapped: too many mismatches |	0
       % of reads unmapped: too many mismatches |	0.00%
            Number of reads unmapped: too short |	0
                 % of reads unmapped: too short |	0.00%
                Number of reads unmapped: other |	0
                     % of reads unmapped: other |	0.00%
                                  CHIMERIC READS:
                       Number of chimeric reads |	0
                            % of chimeric reads |	0.00%
