                                 Started job on |	Sep 02 11:39:55
                             Started mapping on |	Sep 02 11:39:55
                                    Finished on |	Sep 02 11:39:56
       Mapping speed, Million of reads per hour |	1.80

                          Number of input reads |	500
                      Average input read length |	199
                                    UNIQUE READS:
                   Uniquely mapped reads number |	481
                        Uniquely mapped reads % |	96.20%
                          Average mapped length |	198.53
                       Number of splices: Total |	257
            Number of splices: Annotated (sjdb) |	0
                       Number of splices: GT/AG |	10
                       Number of splices: GC/AG |	12
                       Number of splices: AT/AC |	5
               Number of splices: Non-canonical |	230
                      Mismatch rate per base, % |	0.43%
                         Deletion rate per base |	0.00%
                        Deletion average length |	0.00
                        Insertion rate per base |	0.00%
                       Insertion average length |	0.00
                             MULTI-MAPPING READS:
        Number of reads mapped to multiple loci |	19
             % of reads mapped to multiple loci |	3.80%
        Number of reads mapped to too many loci |	0
             % of reads mapped to too many loci |	0.00%
                                  UNMAPPED READS:
  Number of reads unmapped: too many mismatches |	0
       % of reads unmapped: too many mismatches |	0.00%
            Number of reads unmapped: too short |	0
                 % of reads unmapped: too short |	0.00%
                Number of reads unmapped: other |	0
                     % of reads unmapped: other |	0.00%
                                  CHIMERIC READS:
                       Number of chimeric reads |	0
                            % of chimeric reads |	0.00%
