                                 Started job on |	Sep 02 11:39:55
                             Started mapping on |	Sep 02 11:39:55
                                    Finished on |	Sep 02 11:39:55
       Mapping speed, Million of reads per hour |	inf

                          Number of input reads |	500
                      Average input read length |	199
                                    UNIQUE READS:
                   Uniquely mapped reads number |	483
                        Uniquely mapped reads % |	96.60%
                          Average mapped length |	199.13
                       Number of splices: Total |	260
            Number of splices: Annotated (sjdb) |	0
                       Number of splices: GT/AG |	12
                       Number of splices: GC/AG |	10
                       Number of splices: AT/AC |	0
               Number of splices: Non-canonical |	238
                      Mismatch rate per base, % |	0.42%
                         Deletion rate per base |	0.00%
                        Deletion average length |	0.00
                        Insertion rate per base |	0.00%
                       Insertion average length |	0.00
                             MULTI-MAPPING READS:
        Number of reads mapped to multiple loci |	16
             % of reads mapped to multiple loci |	3.20%
        Number of reads mapped to too many loci |	0
             % of reads mapped to too many loci |	0.00%
                                  UNMAPPED READS:
  Number of reads unmapped: too many mismatches |	0
       % of reads unmapped: too many mismatches |	0.00%
            Number of reads unmapped: too short |	1
                 % of reads unmapped: too short |	0.20%
                Number of reads unmapped: other |	0
                     % of reads unmapped: other |	0.00%
                                  CHIMERIC READS:
                       Number of chimeric reads |	0
                            % of chimeric reads |	0.00%
