STAR version=2.7.11b
STAR compilation time,server,dir=2025-11-14T12:06:42+0000 :/opt/conda/conda-bld/star_1763121846936/work/source
##### Command Line:
/home/surj/Workspace/single_cell_pipeline/.pixi/envs/default/bin/STAR-avx2 --runMode genomeGenerate --genomeDir data/reference/star_index --genomeFastaFiles data/reference/mini_genome.fa --sjdbGTFfile data/reference/mini_genes.gtf --runThreadN 4 --genomeSAindexNbases 6
##### Initial USER parameters from Command Line:
###### All USER parameters from Command Line:
runMode                       genomeGenerate        ~RE-DEFINED
genomeDir                     data/reference/star_index     ~RE-DEFINED
genomeFastaFiles              data/reference/mini_genome.fa        ~RE-DEFINED
sjdbGTFfile                   data/reference/mini_genes.gtf     ~RE-DEFINED
runThreadN                    4     ~RE-DEFINED
genomeSAindexNbases           6     ~RE-DEFINED
##### Finished reading parameters from all sources

##### Final user re-defined parameters-----------------:
runMode                           genomeGenerate   
runThreadN                        4
genomeDir                         data/reference/star_index
genomeFastaFiles                  data/reference/mini_genome.fa   
genomeSAindexNbases               6
sjdbGTFfile                       data/reference/mini_genes.gtf

-------------------------------
##### Final effective command line:
/home/surj/Workspace/single_cell_pipeline/.pixi/envs/default/bin/STAR-avx2   --runMode genomeGenerate      --runThreadN 4   --genomeDir data/reference/star_index   --genomeFastaFiles data/reference/mini_genome.fa      --genomeSAindexNbases 6   --sjdbGTFfile data/reference/mini_genes.gtf
----------------------------------------

Number of fastq files for each mate = 1
ParametersSolo: --soloCellFilterType CellRanger2.2 filtering parameters:  3000 0.99 10
Finished loading and checking parameters
--genomeDir directory exists and will be overwritten: data/reference/star_index/
Sep 02 10:45:55 ... starting to generate Genome files
data/reference/mini_genome.fa : chr # 0  "chr1" chrStart: 0
Chromosome sequence lengths: 
chr1	17775
Genome sequence total length = 17775
Genome size with padding = 262144
Sep 02 10:45:55 ..... processing annotations GTF
!!!!! WARNING: while processing sjdbGTFfile=data/reference/mini_genes.gtf, line:
chr1	Synthetic	exon	17672	18020	.	+	.	gene_id "GENE_011_MT-CO1_like"; transcript_id "TRANS_011_1"; exon_number "3"; gene_name "MT-CO1_like";
 exon end = 18020 is larger than the chromosome chr1 length = 17775 , will skip this exon

!!!!! WARNING: while processing sjdbGTFfile=data/reference/mini_genes.gtf, line:
chr1	Synthetic	exon	18188	18522	.	+	.	gene_id "GENE_011_MT-CO1_like"; transcript_id "TRANS_011_1"; exon_number "4"; gene_name "MT-CO1_like";
 exon end = 18522 is larger than the chromosome chr1 length = 17775 , will skip this exon

!!!!! WARNING: while processing sjdbGTFfile=data/reference/mini_genes.gtf, line:
chr1	Synthetic	exon	18951	19130	.	-	.	gene_id "GENE_012_MALAT1_like"; transcript_id "TRANS_012_1"; exon_number "1"; gene_name "MALAT1_like";
 exon end = 19130 is larger than the chromosome chr1 length = 17775 , will skip this exon

!!!!! WARNING: while processing sjdbGTFfile=data/reference/mini_genes.gtf, line:
chr1	Synthetic	exon	19334	19591	.	-	.	gene_id "GENE_012_MALAT1_like"; transcript_id "TRANS_012_1"; exon_number "2"; gene_name "MALAT1_like";
 exon end = 19591 is larger than the chromosome chr1 length = 17775 , will skip this exon

!!!!! WARNING: while processing sjdbGTFfile=data/reference/mini_genes.gtf, line:
chr1	Synthetic	exon	19694	19934	.	-	.	gene_id "GENE_012_MALAT1_like"; transcript_id "TRANS_012_1"; exon_number "3"; gene_name "MALAT1_like";
 exon end = 19934 is larger than the chromosome chr1 length = 17775 , will skip this exon

!!!!! WARNING: while processing sjdbGTFfile=data/reference/mini_genes.gtf, line:
chr1	Synthetic	exon	20404	20584	.	+	.	gene_id "GENE_013_SOX2_like"; transcript_id "TRANS_013_1"; exon_number "1"; gene_name "SOX2_like";
 exon end = 20584 is larger than the chromosome chr1 length = 17775 , will skip this exon

!!!!! WARNING: while processing sjdbGTFfile=data/reference/mini_genes.gtf, line:
chr1	Synthetic	exon	20739	20934	.	+	.	gene_id "GENE_013_SOX2_like"; transcript_id "TRANS_013_1"; exon_number "2"; gene_name "SOX2_like";
 exon end = 20934 is larger than the chromosome chr1 length = 17775 , will skip this exon

!!!!! WARNING: while processing sjdbGTFfile=data/reference/mini_genes.gtf, line:
chr1	Synthetic	exon	21184	21480	.	+	.	gene_id "GENE_013_SOX2_like"; transcript_id "TRANS_013_1"; exon_number "3"; gene_name "SOX2_like";
 exon end = 21480 is larger than the chromosome chr1 length = 17775 , will skip this exon

!!!!! WARNING: while processing sjdbGTFfile=data/reference/mini_genes.gtf, line:
chr1	Synthetic	exon	21979	22178	.	-	.	gene_id "GENE_014_OCT4_like"; transcript_id "TRANS_014_1"; exon_number "1"; gene_name "OCT4_like";
 exon end = 22178 is larger than the chromosome chr1 length = 17775 , will skip this exon

!!!!! WARNING: while processing sjdbGTFfile=data/reference/mini_genes.gtf, line:
chr1	Synthetic	exon	22326	22613	.	-	.	gene_id "GENE_014_OCT4_like"; transcript_id "TRANS_014_1"; exon_number "2"; gene_name "OCT4_like";
 exon end = 22613 is larger than the chromosome chr1 length = 17775 , will skip this exon

!!!!! WARNING: while processing sjdbGTFfile=data/reference/mini_genes.gtf, line:
chr1	Synthetic	exon	22720	23065	.	-	.	gene_id "GENE_014_OCT4_like"; transcript_id "TRANS_014_1"; exon_number "3"; gene_name "OCT4_like";
 exon end = 23065 is larger than the chromosome chr1 length = 17775 , will skip this exon

!!!!! WARNING: while processing sjdbGTFfile=data/reference/mini_genes.gtf, line:
chr1	Synthetic	exon	23493	23774	.	+	.	gene_id "GENE_015_NANOG_like"; transcript_id "TRANS_015_1"; exon_number "1"; gene_name "NANOG_like";
 exon end = 23774 is larger than the chromosome chr1 length = 17775 , will skip this exon

!!!!! WARNING: while processing sjdbGTFfile=data/reference/mini_genes.gtf, line:
chr1	Synthetic	exon	23876	24188	.	+	.	gene_id "GENE_015_NANOG_like"; transcript_id "TRANS_015_1"; exon_number "2"; gene_name "NANOG_like";
 exon end = 24188 is larger than the chromosome chr1 length = 17775 , will skip this exon

!!!!! WARNING: while processing sjdbGTFfile=data/reference/mini_genes.gtf, line:
chr1	Synthetic	exon	24426	24674	.	+	.	gene_id "GENE_015_NANOG_like"; transcript_id "TRANS_015_1"; exon_number "3"; gene_name "NANOG_like";
 exon end = 24674 is larger than the chromosome chr1 length = 17775 , will skip this exon

!!!!! WARNING: while processing sjdbGTFfile=data/reference/mini_genes.gtf, line:
chr1	Synthetic	exon	24778	24942	.	+	.	gene_id "GENE_015_NANOG_like"; transcript_id "TRANS_015_1"; exon_number "4"; gene_name "NANOG_like";
 exon end = 24942 is larger than the chromosome chr1 length = 17775 , will skip this exon

Processing pGe.sjdbGTFfile=data/reference/mini_genes.gtf, found:
		11 transcripts
		34 exons (non-collapsed)
		23 collapsed junctions
Total junctions: 23
Sep 02 10:45:55 ..... finished GTF processing

Estimated genome size with padding and SJs: total=genome+SJ=201262144 = 262144 + 201000000
GstrandBit=32
Number of SA indices: 35550
Sep 02 10:45:55 ... starting to sort Suffix Array. This may take a long time...
Number of chunks: 4;   chunks size limit: 94800 bytes
Sep 02 10:45:55 ... sorting Suffix Array chunks and saving them to disk...
Writing 2176 bytes into data/reference/star_index//SA_3 ; empty space on disk = 2235936768 bytes ... done
Writing 94264 bytes into data/reference/star_index//SA_0 ; empty space on disk = 2235932672 bytes ...Writing 94168 bytes into data/reference/star_index//SA_2 ; empty space on disk = 2235932672 bytes ... done
 done
Writing 93792 bytes into data/reference/star_index//SA_1 ; empty space on disk = 2235740160 bytes ... done
Sep 02 10:45:55 ... loading chunks from disk, packing SA...
Sep 02 10:45:55 ... finished generating suffix array
Sep 02 10:45:55 ... generating Suffix Array index
Sep 02 10:45:55 ... completed Suffix Array index
Sep 02 10:45:55   Finished preparing junctions
Sep 02 10:45:55 ..... inserting junctions into the genome indices
Sep 02 10:45:55   Finished SA search: number of new junctions=23, old junctions=0
Sep 02 10:45:55   Finished sorting SA indicesL nInd=9200
Genome size with junctions=266767  262144   4623
GstrandBit1=32   GstrandBit=32
Sep 02 10:45:55   Finished inserting junction indices
Sep 02 10:45:55   Finished SAi
Sep 02 10:45:55 ..... finished inserting junctions into genome
Sep 02 10:45:55 ... writing Genome to disk ...
Writing 266767 bytes into data/reference/star_index//Genome ; empty space on disk = 2235920384 bytes ... done
SA size in bytes: 184597
Sep 02 10:45:55 ... writing Suffix Array to disk ...
Writing 184597 bytes into data/reference/star_index//SA ; empty space on disk = 2235650048 bytes ... done
Sep 02 10:45:55 ... writing SAindex to disk
Writing 8 bytes into data/reference/star_index//SAindex ; empty space on disk = 2235461632 bytes ... done
Writing 56 bytes into data/reference/star_index//SAindex ; empty space on disk = 2235461632 bytes ... done
Writing 23891 bytes into data/reference/star_index//SAindex ; empty space on disk = 2235461632 bytes ... done
Sep 02 10:45:55 ..... finished successfully
DONE: Genome generation, EXITING
