STAR version=2.7.11b
STAR compilation time,server,dir=2025-11-14T12:06:42+0000 :/opt/conda/conda-bld/star_1763121846936/work/source
##### Command Line:
/home/surj/Workspace/single_cell_pipeline/.pixi/envs/default/bin/STAR-avx2 --runMode genomeGenerate --genomeDir data/reference/star_index --genomeFastaFiles data/reference/mini_genome.fa --sjdbGTFfile data/reference/mini_genes.gtf --runThreadN 4 --genomeSAindexNbases 6
##### Initial USER parameters from Command Line:
###### All USER parameters from Command Line:
runMode                       genomeGenerate        ~RE-DEFINED
genomeDir                     data/reference/star_index     ~RE-DEFINED
genomeFastaFiles              data/reference/mini_genome.fa        ~RE-DEFINED
sjdbGTFfile                   data/reference/mini_genes.gtf     ~RE-DEFINED
runThreadN                    4     ~RE-DEFINED
genomeSAindexNbases           6     ~RE-DEFINED
##### Finished reading parameters from all sources

##### Final user re-defined parameters-----------------:
runMode                           genomeGenerate   
runThreadN                        4
genomeDir                         data/reference/star_index
genomeFastaFiles                  data/reference/mini_genome.fa   
genomeSAindexNbases               6
sjdbGTFfile                       data/reference/mini_genes.gtf

-------------------------------
##### Final effective command line:
/home/surj/Workspace/single_cell_pipeline/.pixi/envs/default/bin/STAR-avx2   --runMode genomeGenerate      --runThreadN 4   --genomeDir data/reference/star_index   --genomeFastaFiles data/reference/mini_genome.fa      --genomeSAindexNbases 6   --sjdbGTFfile data/reference/mini_genes.gtf
----------------------------------------

Number of fastq files for each mate = 1
ParametersSolo: --soloCellFilterType CellRanger2.2 filtering parameters:  3000 0.99 10
Finished loading and checking parameters
--genomeDir directory exists and will be overwritten: data/reference/star_index/
Sep 02 11:00:19 ... starting to generate Genome files

EXITING because of INPUT ERROR: could not open genomeFastaFile: data/reference/mini_genome.fa

Sep 02 11:00:19 ...... FATAL ERROR, exiting
